<?xml version="1.0" encoding="UTF-8"?>
<testsuites name="jest tests" tests="2" failures="0" errors="0" time="0.612">
  <testsuite name="Testy Aplikacji" errors="0" failures="0" skipped="0" timestamp="2026-02-13T19:31:25" time="0.553" tests="2">
    <testcase classname="Testy Aplikacji Powinien zwrócić powitanie na GET /" name="Testy Aplikacji Powinien zwrócić powitanie na GET /" time="0.022">
    </testcase>
    <testcase classname="Testy Aplikacji Powinien zwrócić listę produktów na GET /products" name="Testy Aplikacji Powinien zwrócić listę produktów na GET /products" time="0.013">
    </testcase>
  </testsuite>
</testsuites>